c:\users\imm\source\repos\cs2-aa\cs2-aa\x64\build\intermediates\vc143.pdb
c:\users\imm\source\repos\cs2-aa\cs2-aa\x64\build\intermediates\vc143.idb
c:\users\imm\source\repos\cs2-aa\cs2-aa\x64\build\intermediates\dllmain.obj
c:\users\imm\source\repos\cs2-aa\cs2-aa\x64\build\intermediates\hook_createmove.obj
c:\users\imm\source\repos\cs2-aa\cs2-aa\x64\build\intermediates\hooks.obj
c:\users\imm\source\repos\cs2-aa\cs2-aa\x64\build\intermediates\mem.obj
c:\users\imm\source\repos\cs2-aa\cs2-aa\x64\build\intermediates\math.obj
c:\users\imm\source\repos\cs2-aa\cs2-aa\x64\build\intermediates\imgui_widgets.obj
c:\users\imm\source\repos\cs2-aa\cs2-aa\x64\build\intermediates\imgui_tables.obj
c:\users\imm\source\repos\cs2-aa\cs2-aa\x64\build\intermediates\imgui_impl_win32.obj
c:\users\imm\source\repos\cs2-aa\cs2-aa\x64\build\intermediates\imgui_impl_dx11.obj
c:\users\imm\source\repos\cs2-aa\cs2-aa\x64\build\intermediates\imgui_draw.obj
c:\users\imm\source\repos\cs2-aa\cs2-aa\x64\build\intermediates\imgui_demo.obj
c:\users\imm\source\repos\cs2-aa\cs2-aa\x64\build\intermediates\imgui.obj
c:\users\imm\source\repos\cs2-aa\cs2-aa\x64\build\intermediates\present.obj
c:\users\imm\source\repos\cs2-aa\cs2-aa\x64\build\intermediates\hook_setviewangles.obj
c:\users\imm\source\repos\cs2-aa\cs2-aa\x64\build\intermediates\hook_validateinput.obj
c:\users\imm\source\repos\cs2-aa\cs2-aa\x64\build\intermediates\trampoline.obj
c:\users\imm\source\repos\cs2-aa\cs2-aa\x64\build\intermediates\hook.obj
c:\users\imm\source\repos\cs2-aa\cs2-aa\x64\build\intermediates\hde64.obj
c:\users\imm\source\repos\cs2-aa\cs2-aa\x64\build\intermediates\hde32.obj
c:\users\imm\source\repos\cs2-aa\cs2-aa\x64\build\intermediates\buffer.obj
c:\users\imm\source\repos\cs2-aa\build\cs2-aa.dll
c:\users\imm\source\repos\cs2-aa\build\cs2-aa.pdb
c:\users\imm\source\repos\cs2-aa\cs2-aa\x64\build\intermediates\minhook.res
c:\users\imm\source\repos\cs2-aa\cs2-aa\x64\build\intermediates\cs2-aa.ipdb
c:\users\imm\source\repos\cs2-aa\cs2-aa\x64\build\intermediates\cs2-aa.iobj
c:\users\imm\source\repos\cs2-aa\cs2-aa\x64\build\intermediates\hook_getviewangles.obj
c:\users\imm\source\repos\cs2-aa\cs2-aa\x64\build\intermediates\cs2-aa.ilk
c:\users\imm\source\repos\cs2-aa\\build\cs2-aa.pdb
c:\users\imm\source\repos\cs2-aa\cs2-aa\x64\build\intermediates\cs2-aa.tlog\cl.command.1.tlog
c:\users\imm\source\repos\cs2-aa\cs2-aa\x64\build\intermediates\cs2-aa.tlog\cl.items.tlog
c:\users\imm\source\repos\cs2-aa\cs2-aa\x64\build\intermediates\cs2-aa.tlog\cl.read.1.tlog
c:\users\imm\source\repos\cs2-aa\cs2-aa\x64\build\intermediates\cs2-aa.tlog\cl.write.1.tlog
c:\users\imm\source\repos\cs2-aa\cs2-aa\x64\build\intermediates\cs2-aa.tlog\link.command.1.tlog
c:\users\imm\source\repos\cs2-aa\cs2-aa\x64\build\intermediates\cs2-aa.tlog\link.read.1.tlog
c:\users\imm\source\repos\cs2-aa\cs2-aa\x64\build\intermediates\cs2-aa.tlog\link.secondary.1.tlog
c:\users\imm\source\repos\cs2-aa\cs2-aa\x64\build\intermediates\cs2-aa.tlog\link.write.1.tlog
c:\users\imm\source\repos\cs2-aa\cs2-aa\x64\build\intermediates\cs2-aa.tlog\rc.command.1.tlog
c:\users\imm\source\repos\cs2-aa\cs2-aa\x64\build\intermediates\cs2-aa.tlog\rc.read.1.tlog
c:\users\imm\source\repos\cs2-aa\cs2-aa\x64\build\intermediates\cs2-aa.tlog\rc.write.1.tlog
